adr new First Record
doc/adr/0001-first-record.md
adr new Second Record
doc/adr/0002-second-record.md
adr new Third Record
doc/adr/0003-third-record.md
adr link 3 Amends 1 "Amended by"
adr link 3 Clarifies 2 "Clarified by"
head -12 doc/adr/0001-first-record.md
# 1. First Record

Date: 1992-01-12

## Status

Accepted

Amended by [3. Third Record](0003-third-record.md)

## Context

head -12 doc/adr/0002-second-record.md
# 2. Second Record

Date: 1992-01-12

## Status

Accepted

Clarified by [3. Third Record](0003-third-record.md)

## Context

head -14 doc/adr/0003-third-record.md
# 3. Third Record

Date: 1992-01-12

## Status

Accepted

Amends [1. First Record](0001-first-record.md)

Clarifies [2. Second Record](0002-second-record.md)

## Context

